{
  "content": "Results for Tuesday, 28 May 2024",
  "embeds": [
    {
      "fields": [
        {
          "inline": false,
          "name": "ðŸ‡ªðŸ‡ºeurope: champions league women - play offs",
          "value": "**Conegliano W - Vero Volley W**\t\t\tScore:\t||3\t:\t2||"
        },
        {
          "inline": false,
          "name": "ðŸ‡®ðŸ‡¹italy: superlega",
          "value": "**Monza - Lube Civitanova**\t\t\tScore:\t||3\t:\t2||\t\t\t[ðŸ“Š Statistics](http://www.legavolley.it/match/38282)\n**Padova - Taranto**\t\t\tScore:\t||3\t:\t1||\t\t\t[ðŸ“Š Statistics](http://www.legavolley.it/match/38286)\n**Perugia - Modena**\t\t\tScore:\t||3\t:\t0||\t\t\t[ðŸ“Š Statistics](http://www.legavolley.it/match/38284)\n**Piacenza - Cisterna**\t\t\tScore:\t||3\t:\t1||\t\t\t[ðŸ“Š Statistics](http://www.legavolley.it/match/38285)\n**Trentino - Milano**\t\t\tScore:\t||3\t:\t0||\t\t\t[ðŸ“Š Statistics](http://www.legavolley.it/match/38283)\n**Verona - Grottazzolina**\t\t\tScore:\t||3\t:\t2||\t\t\t[ðŸ“Š Statistics](http://www.legavolley.it/match/38287)"
        },
        {
          "inline": false,
          "name": "ðŸ‡µðŸ‡±poland: plusliga",
          "value": "**Rzeszow - Jastrzebski**\t\t\tScore:\t||0\t:\t3||\t\t\t[ðŸ“Š Statistics](https://www.plusliga.pl/games/action/show/id/1103726.html)\n**Slepsk Suwalki - Lublin**\t\t\tScore:\t||3\t:\t1||\t\t\t[ðŸ“Š Statistics](https://www.plusliga.pl/games/action/show/id/1103751.html)\n**Barkom - Zawiercie**\t\t\tScore:\t||1\t:\t3||"
        }
      ]
    }
  ]
}