{
  "content": "Games for Tuesday, 28 May 2024",
  "embeds": [
    {
      "fields": [
        {
          "inline": false,
          "name": "ðŸ‡ºðŸ‡¸USA: PVF Women",
          "value": "**Grand Rapids Rise W - San Diego Mojo W**\t \u003ct:1714939200:t\u003e"
        },
        {
          "inline": false,
          "name": "ðŸ‡ªðŸ‡ºEurope: Champions League - Play Offs",
          "value": "**Trentino - Jastrzebski**\t \u003ct:1714917600:t\u003e\n**Resovia - Zaksa**\t \u003ct:1714917600:t\u003e"
        }
      ]
    }
  ]
}