{
  "gifts": [
    {
      "id": "2",
      "redeemed": false,
      "type": "WISH"
    }
  ]
}